  Determining projects to restore...
  All projects are up-to-date for restore.
C:\Users\sorat\source\repos\MailApplication\UserControls\SettingsControl.cs(22,12): warning CS8618: Non-nullable field 'listViewIndustries' must contain a non-null value when exiting constructor. Consider adding the 'required' modifier or declaring the field as nullable. [C:\Users\sorat\source\repos\MailApplication\MailApplication.csproj]
C:\Users\sorat\source\repos\MailApplication\UserControls\SettingsControl.cs(22,12): warning CS8618: Non-nullable field 'btnAddIndustry' must contain a non-null value when exiting constructor. Consider adding the 'required' modifier or declaring the field as nullable. [C:\Users\sorat\source\repos\MailApplication\MailApplication.csproj]
C:\Users\sorat\source\repos\MailApplication\UserControls\SettingsControl.cs(22,12): warning CS8618: Non-nullable field 'btnEditIndustry' must contain a non-null value when exiting constructor. Consider adding the 'required' modifier or declaring the field as nullable. [C:\Users\sorat\source\repos\MailApplication\MailApplication.csproj]
C:\Users\sorat\source\repos\MailApplication\UserControls\SettingsControl.cs(22,12): warning CS8618: Non-nullable field 'btnDeleteIndustry' must contain a non-null value when exiting constructor. Consider adding the 'required' modifier or declaring the field as nullable. [C:\Users\sorat\source\repos\MailApplication\MailApplication.csproj]
C:\Users\sorat\source\repos\MailApplication\UserControls\SettingsControl.cs(22,12): warning CS8618: Non-nullable field 'btnRefresh' must contain a non-null value when exiting constructor. Consider adding the 'required' modifier or declaring the field as nullable. [C:\Users\sorat\source\repos\MailApplication\MailApplication.csproj]
C:\Users\sorat\source\repos\MailApplication\UserControls\SettingsControl.cs(22,12): warning CS8618: Non-nullable field 'txtBatchSize' must contain a non-null value when exiting constructor. Consider adding the 'required' modifier or declaring the field as nullable. [C:\Users\sorat\source\repos\MailApplication\MailApplication.csproj]
C:\Users\sorat\source\repos\MailApplication\UserControls\SettingsControl.cs(22,12): warning CS8618: Non-nullable field 'txtDelay' must contain a non-null value when exiting constructor. Consider adding the 'required' modifier or declaring the field as nullable. [C:\Users\sorat\source\repos\MailApplication\MailApplication.csproj]
C:\Users\sorat\source\repos\MailApplication\UserControls\SettingsControl.cs(22,12): warning CS8618: Non-nullable field 'btnSaveSettings' must contain a non-null value when exiting constructor. Consider adding the 'required' modifier or declaring the field as nullable. [C:\Users\sorat\source\repos\MailApplication\MailApplication.csproj]
C:\Users\sorat\source\repos\MailApplication\Forms\AccountEditorForm.cs(18,12): warning CS8618: Non-nullable field 'txtAccountName' must contain a non-null value when exiting constructor. Consider adding the 'required' modifier or declaring the field as nullable. [C:\Users\sorat\source\repos\MailApplication\MailApplication.csproj]
C:\Users\sorat\source\repos\MailApplication\Forms\AccountEditorForm.cs(18,12): warning CS8618: Non-nullable field 'txtEmailAddress' must contain a non-null value when exiting constructor. Consider adding the 'required' modifier or declaring the field as nullable. [C:\Users\sorat\source\repos\MailApplication\MailApplication.csproj]
C:\Users\sorat\source\repos\MailApplication\Forms\AccountEditorForm.cs(18,12): warning CS8618: Non-nullable field 'chkIsDefault' must contain a non-null value when exiting constructor. Consider adding the 'required' modifier or declaring the field as nullable. [C:\Users\sorat\source\repos\MailApplication\MailApplication.csproj]
C:\Users\sorat\source\repos\MailApplication\Forms\AccountEditorForm.cs(18,12): warning CS8618: Non-nullable field 'btnSave' must contain a non-null value when exiting constructor. Consider adding the 'required' modifier or declaring the field as nullable. [C:\Users\sorat\source\repos\MailApplication\MailApplication.csproj]
C:\Users\sorat\source\repos\MailApplication\Forms\AccountEditorForm.cs(18,12): warning CS8618: Non-nullable field 'btnCancel' must contain a non-null value when exiting constructor. Consider adding the 'required' modifier or declaring the field as nullable. [C:\Users\sorat\source\repos\MailApplication\MailApplication.csproj]
C:\Users\sorat\source\repos\MailApplication\Forms\RecipientEditorForm.cs(20,12): warning CS8618: Non-nullable field 'txtEmail' must contain a non-null value when exiting constructor. Consider adding the 'required' modifier or declaring the field as nullable. [C:\Users\sorat\source\repos\MailApplication\MailApplication.csproj]
C:\Users\sorat\source\repos\MailApplication\Forms\RecipientEditorForm.cs(20,12): warning CS8618: Non-nullable field 'txtName' must contain a non-null value when exiting constructor. Consider adding the 'required' modifier or declaring the field as nullable. [C:\Users\sorat\source\repos\MailApplication\MailApplication.csproj]
C:\Users\sorat\source\repos\MailApplication\Forms\RecipientEditorForm.cs(20,12): warning CS8618: Non-nullable field 'chkIndustries' must contain a non-null value when exiting constructor. Consider adding the 'required' modifier or declaring the field as nullable. [C:\Users\sorat\source\repos\MailApplication\MailApplication.csproj]
C:\Users\sorat\source\repos\MailApplication\Forms\RecipientEditorForm.cs(20,12): warning CS8618: Non-nullable field 'btnSave' must contain a non-null value when exiting constructor. Consider adding the 'required' modifier or declaring the field as nullable. [C:\Users\sorat\source\repos\MailApplication\MailApplication.csproj]
C:\Users\sorat\source\repos\MailApplication\Forms\RecipientEditorForm.cs(20,12): warning CS8618: Non-nullable field 'btnCancel' must contain a non-null value when exiting constructor. Consider adding the 'required' modifier or declaring the field as nullable. [C:\Users\sorat\source\repos\MailApplication\MailApplication.csproj]
C:\Users\sorat\source\repos\MailApplication\Forms\DraftEditorForm.cs(24,12): warning CS8618: Non-nullable field 'rbApp' must contain a non-null value when exiting constructor. Consider adding the 'required' modifier or declaring the field as nullable. [C:\Users\sorat\source\repos\MailApplication\MailApplication.csproj]
C:\Users\sorat\source\repos\MailApplication\Forms\DraftEditorForm.cs(24,12): warning CS8618: Non-nullable field 'rbOutlook' must contain a non-null value when exiting constructor. Consider adding the 'required' modifier or declaring the field as nullable. [C:\Users\sorat\source\repos\MailApplication\MailApplication.csproj]
C:\Users\sorat\source\repos\MailApplication\Forms\DraftEditorForm.cs(24,12): warning CS8618: Non-nullable field 'txtSubject' must contain a non-null value when exiting constructor. Consider adding the 'required' modifier or declaring the field as nullable. [C:\Users\sorat\source\repos\MailApplication\MailApplication.csproj]
C:\Users\sorat\source\repos\MailApplication\Forms\DraftEditorForm.cs(24,12): warning CS8618: Non-nullable field 'webEditor' must contain a non-null value when exiting constructor. Consider adding the 'required' modifier or declaring the field as nullable. [C:\Users\sorat\source\repos\MailApplication\MailApplication.csproj]
C:\Users\sorat\source\repos\MailApplication\Forms\DraftEditorForm.cs(24,12): warning CS8618: Non-nullable field 'btnSave' must contain a non-null value when exiting constructor. Consider adding the 'required' modifier or declaring the field as nullable. [C:\Users\sorat\source\repos\MailApplication\MailApplication.csproj]
C:\Users\sorat\source\repos\MailApplication\Forms\DraftEditorForm.cs(24,12): warning CS8618: Non-nullable field 'btnCancel' must contain a non-null value when exiting constructor. Consider adding the 'required' modifier or declaring the field as nullable. [C:\Users\sorat\source\repos\MailApplication\MailApplication.csproj]
C:\Users\sorat\source\repos\MailApplication\Forms\DraftEditorForm.cs(24,12): warning CS8618: Non-nullable field 'btnDesignInOutlook' must contain a non-null value when exiting constructor. Consider adding the 'required' modifier or declaring the field as nullable. [C:\Users\sorat\source\repos\MailApplication\MailApplication.csproj]
C:\Users\sorat\source\repos\MailApplication\Forms\DraftEditorForm.cs(24,12): warning CS8618: Non-nullable field 'toolStrip' must contain a non-null value when exiting constructor. Consider adding the 'required' modifier or declaring the field as nullable. [C:\Users\sorat\source\repos\MailApplication\MailApplication.csproj]
C:\Users\sorat\source\repos\MailApplication\Forms\IndustryEditorForm.cs(16,12): warning CS8618: Non-nullable field 'txtName' must contain a non-null value when exiting constructor. Consider adding the 'required' modifier or declaring the field as nullable. [C:\Users\sorat\source\repos\MailApplication\MailApplication.csproj]
C:\Users\sorat\source\repos\MailApplication\Forms\IndustryEditorForm.cs(16,12): warning CS8618: Non-nullable field 'txtDescription' must contain a non-null value when exiting constructor. Consider adding the 'required' modifier or declaring the field as nullable. [C:\Users\sorat\source\repos\MailApplication\MailApplication.csproj]
C:\Users\sorat\source\repos\MailApplication\Forms\IndustryEditorForm.cs(16,12): warning CS8618: Non-nullable field 'btnSave' must contain a non-null value when exiting constructor. Consider adding the 'required' modifier or declaring the field as nullable. [C:\Users\sorat\source\repos\MailApplication\MailApplication.csproj]
C:\Users\sorat\source\repos\MailApplication\Forms\IndustryEditorForm.cs(16,12): warning CS8618: Non-nullable field 'btnCancel' must contain a non-null value when exiting constructor. Consider adding the 'required' modifier or declaring the field as nullable. [C:\Users\sorat\source\repos\MailApplication\MailApplication.csproj]
C:\Users\sorat\source\repos\MailApplication\Forms\ImportRecipientsForm.cs(19,12): warning CS8618: Non-nullable field 'txtFilePath' must contain a non-null value when exiting constructor. Consider adding the 'required' modifier or declaring the field as nullable. [C:\Users\sorat\source\repos\MailApplication\MailApplication.csproj]
C:\Users\sorat\source\repos\MailApplication\Forms\ImportRecipientsForm.cs(19,12): warning CS8618: Non-nullable field 'btnBrowse' must contain a non-null value when exiting constructor. Consider adding the 'required' modifier or declaring the field as nullable. [C:\Users\sorat\source\repos\MailApplication\MailApplication.csproj]
C:\Users\sorat\source\repos\MailApplication\Forms\ImportRecipientsForm.cs(19,12): warning CS8618: Non-nullable field 'chkIndustries' must contain a non-null value when exiting constructor. Consider adding the 'required' modifier or declaring the field as nullable. [C:\Users\sorat\source\repos\MailApplication\MailApplication.csproj]
C:\Users\sorat\source\repos\MailApplication\Forms\ImportRecipientsForm.cs(19,12): warning CS8618: Non-nullable field 'btnImport' must contain a non-null value when exiting constructor. Consider adding the 'required' modifier or declaring the field as nullable. [C:\Users\sorat\source\repos\MailApplication\MailApplication.csproj]
C:\Users\sorat\source\repos\MailApplication\Forms\ImportRecipientsForm.cs(19,12): warning CS8618: Non-nullable field 'btnCancel' must contain a non-null value when exiting constructor. Consider adding the 'required' modifier or declaring the field as nullable. [C:\Users\sorat\source\repos\MailApplication\MailApplication.csproj]
C:\Users\sorat\source\repos\MailApplication\Forms\ImportRecipientsForm.cs(19,12): warning CS8618: Non-nullable field 'lblStatus' must contain a non-null value when exiting constructor. Consider adding the 'required' modifier or declaring the field as nullable. [C:\Users\sorat\source\repos\MailApplication\MailApplication.csproj]
C:\Users\sorat\source\repos\MailApplication\Forms\MainForm.cs(28,12): warning CS8618: Non-nullable field 'sidebarPanel' must contain a non-null value when exiting constructor. Consider adding the 'required' modifier or declaring the field as nullable. [C:\Users\sorat\source\repos\MailApplication\MailApplication.csproj]
C:\Users\sorat\source\repos\MailApplication\Forms\MainForm.cs(28,12): warning CS8618: Non-nullable field 'contentPanel' must contain a non-null value when exiting constructor. Consider adding the 'required' modifier or declaring the field as nullable. [C:\Users\sorat\source\repos\MailApplication\MailApplication.csproj]
C:\Users\sorat\source\repos\MailApplication\Forms\MainForm.cs(28,12): warning CS8618: Non-nullable field 'btnDrafts' must contain a non-null value when exiting constructor. Consider adding the 'required' modifier or declaring the field as nullable. [C:\Users\sorat\source\repos\MailApplication\MailApplication.csproj]
C:\Users\sorat\source\repos\MailApplication\Forms\MainForm.cs(28,12): warning CS8618: Non-nullable field 'btnSendMail' must contain a non-null value when exiting constructor. Consider adding the 'required' modifier or declaring the field as nullable. [C:\Users\sorat\source\repos\MailApplication\MailApplication.csproj]
C:\Users\sorat\source\repos\MailApplication\Forms\MainForm.cs(28,12): warning CS8618: Non-nullable field 'btnInbox' must contain a non-null value when exiting constructor. Consider adding the 'required' modifier or declaring the field as nullable. [C:\Users\sorat\source\repos\MailApplication\MailApplication.csproj]
C:\Users\sorat\source\repos\MailApplication\Forms\MainForm.cs(28,12): warning CS8618: Non-nullable field 'btnOutbox' must contain a non-null value when exiting constructor. Consider adding the 'required' modifier or declaring the field as nullable. [C:\Users\sorat\source\repos\MailApplication\MailApplication.csproj]
C:\Users\sorat\source\repos\MailApplication\Forms\MainForm.cs(28,12): warning CS8618: Non-nullable field 'btnRecipients' must contain a non-null value when exiting constructor. Consider adding the 'required' modifier or declaring the field as nullable. [C:\Users\sorat\source\repos\MailApplication\MailApplication.csproj]
C:\Users\sorat\source\repos\MailApplication\Forms\MainForm.cs(28,12): warning CS8618: Non-nullable field 'btnAccounts' must contain a non-null value when exiting constructor. Consider adding the 'required' modifier or declaring the field as nullable. [C:\Users\sorat\source\repos\MailApplication\MailApplication.csproj]
C:\Users\sorat\source\repos\MailApplication\Forms\MainForm.cs(28,12): warning CS8618: Non-nullable field 'btnSettings' must contain a non-null value when exiting constructor. Consider adding the 'required' modifier or declaring the field as nullable. [C:\Users\sorat\source\repos\MailApplication\MailApplication.csproj]
C:\Users\sorat\source\repos\MailApplication\Forms\MainForm.cs(28,12): warning CS8618: Non-nullable field 'lblTitle' must contain a non-null value when exiting constructor. Consider adding the 'required' modifier or declaring the field as nullable. [C:\Users\sorat\source\repos\MailApplication\MailApplication.csproj]
C:\Users\sorat\source\repos\MailApplication\Forms\MainForm.cs(28,12): warning CS8618: Non-nullable field '_dbService' must contain a non-null value when exiting constructor. Consider adding the 'required' modifier or declaring the field as nullable. [C:\Users\sorat\source\repos\MailApplication\MailApplication.csproj]
C:\Users\sorat\source\repos\MailApplication\Forms\MainForm.cs(28,12): warning CS8618: Non-nullable field '_outlookService' must contain a non-null value when exiting constructor. Consider adding the 'required' modifier or declaring the field as nullable. [C:\Users\sorat\source\repos\MailApplication\MailApplication.csproj]
C:\Users\sorat\source\repos\MailApplication\Forms\MainForm.cs(28,12): warning CS8618: Non-nullable field '_emailService' must contain a non-null value when exiting constructor. Consider adding the 'required' modifier or declaring the field as nullable. [C:\Users\sorat\source\repos\MailApplication\MailApplication.csproj]
C:\Users\sorat\source\repos\MailApplication\Forms\MainForm.cs(28,12): warning CS8618: Non-nullable field '_accountService' must contain a non-null value when exiting constructor. Consider adding the 'required' modifier or declaring the field as nullable. [C:\Users\sorat\source\repos\MailApplication\MailApplication.csproj]
C:\Users\sorat\source\repos\MailApplication\Forms\MainForm.cs(28,12): warning CS8618: Non-nullable field '_bulkSenderService' must contain a non-null value when exiting constructor. Consider adding the 'required' modifier or declaring the field as nullable. [C:\Users\sorat\source\repos\MailApplication\MailApplication.csproj]
C:\Users\sorat\source\repos\MailApplication\UserControls\DraftsControl.cs(28,12): warning CS8618: Non-nullable field 'tabControl' must contain a non-null value when exiting constructor. Consider adding the 'required' modifier or declaring the field as nullable. [C:\Users\sorat\source\repos\MailApplication\MailApplication.csproj]
C:\Users\sorat\source\repos\MailApplication\UserControls\DraftsControl.cs(28,12): warning CS8618: Non-nullable field 'tabAppDrafts' must contain a non-null value when exiting constructor. Consider adding the 'required' modifier or declaring the field as nullable. [C:\Users\sorat\source\repos\MailApplication\MailApplication.csproj]
C:\Users\sorat\source\repos\MailApplication\UserControls\DraftsControl.cs(28,12): warning CS8618: Non-nullable field 'tabOutlookDrafts' must contain a non-null value when exiting constructor. Consider adding the 'required' modifier or declaring the field as nullable. [C:\Users\sorat\source\repos\MailApplication\MailApplication.csproj]
C:\Users\sorat\source\repos\MailApplication\UserControls\DraftsControl.cs(28,12): warning CS8618: Non-nullable field 'listViewApp' must contain a non-null value when exiting constructor. Consider adding the 'required' modifier or declaring the field as nullable. [C:\Users\sorat\source\repos\MailApplication\MailApplication.csproj]
C:\Users\sorat\source\repos\MailApplication\UserControls\DraftsControl.cs(28,12): warning CS8618: Non-nullable field 'listViewOutlook' must contain a non-null value when exiting constructor. Consider adding the 'required' modifier or declaring the field as nullable. [C:\Users\sorat\source\repos\MailApplication\MailApplication.csproj]
C:\Users\sorat\source\repos\MailApplication\UserControls\DraftsControl.cs(28,12): warning CS8618: Non-nullable field 'btnCreateNew' must contain a non-null value when exiting constructor. Consider adding the 'required' modifier or declaring the field as nullable. [C:\Users\sorat\source\repos\MailApplication\MailApplication.csproj]
C:\Users\sorat\source\repos\MailApplication\UserControls\DraftsControl.cs(28,12): warning CS8618: Non-nullable field 'btnEdit' must contain a non-null value when exiting constructor. Consider adding the 'required' modifier or declaring the field as nullable. [C:\Users\sorat\source\repos\MailApplication\MailApplication.csproj]
C:\Users\sorat\source\repos\MailApplication\UserControls\DraftsControl.cs(28,12): warning CS8618: Non-nullable field 'btnDelete' must contain a non-null value when exiting constructor. Consider adding the 'required' modifier or declaring the field as nullable. [C:\Users\sorat\source\repos\MailApplication\MailApplication.csproj]
C:\Users\sorat\source\repos\MailApplication\UserControls\DraftsControl.cs(28,12): warning CS8618: Non-nullable field 'btnRefresh' must contain a non-null value when exiting constructor. Consider adding the 'required' modifier or declaring the field as nullable. [C:\Users\sorat\source\repos\MailApplication\MailApplication.csproj]
C:\Users\sorat\source\repos\MailApplication\UserControls\DraftsControl.cs(28,12): warning CS8618: Non-nullable field 'btnPreview' must contain a non-null value when exiting constructor. Consider adding the 'required' modifier or declaring the field as nullable. [C:\Users\sorat\source\repos\MailApplication\MailApplication.csproj]
C:\Users\sorat\source\repos\MailApplication\UserControls\AccountsControl.cs(20,12): warning CS8618: Non-nullable field 'listViewAccounts' must contain a non-null value when exiting constructor. Consider adding the 'required' modifier or declaring the field as nullable. [C:\Users\sorat\source\repos\MailApplication\MailApplication.csproj]
C:\Users\sorat\source\repos\MailApplication\UserControls\AccountsControl.cs(20,12): warning CS8618: Non-nullable field 'btnFetchFromOutlook' must contain a non-null value when exiting constructor. Consider adding the 'required' modifier or declaring the field as nullable. [C:\Users\sorat\source\repos\MailApplication\MailApplication.csproj]
C:\Users\sorat\source\repos\MailApplication\UserControls\AccountsControl.cs(20,12): warning CS8618: Non-nullable field 'btnSetDefault' must contain a non-null value when exiting constructor. Consider adding the 'required' modifier or declaring the field as nullable. [C:\Users\sorat\source\repos\MailApplication\MailApplication.csproj]
C:\Users\sorat\source\repos\MailApplication\UserControls\AccountsControl.cs(20,12): warning CS8618: Non-nullable field 'btnRefresh' must contain a non-null value when exiting constructor. Consider adding the 'required' modifier or declaring the field as nullable. [C:\Users\sorat\source\repos\MailApplication\MailApplication.csproj]
C:\Users\sorat\source\repos\MailApplication\UserControls\AccountsControl.cs(20,12): warning CS8618: Non-nullable field 'btnDeleteAccount' must contain a non-null value when exiting constructor. Consider adding the 'required' modifier or declaring the field as nullable. [C:\Users\sorat\source\repos\MailApplication\MailApplication.csproj]
C:\Users\sorat\source\repos\MailApplication\UserControls\InboxControl.cs(29,13): warning CS8602: Dereference of a possibly null reference. [C:\Users\sorat\source\repos\MailApplication\MailApplication.csproj]
C:\Users\sorat\source\repos\MailApplication\UserControls\InboxControl.cs(30,13): warning CS8602: Dereference of a possibly null reference. [C:\Users\sorat\source\repos\MailApplication\MailApplication.csproj]
C:\Users\sorat\source\repos\MailApplication\UserControls\InboxControl.cs(12,12): warning CS8618: Non-nullable field 'listViewInbox' must contain a non-null value when exiting constructor. Consider adding the 'required' modifier or declaring the field as nullable. [C:\Users\sorat\source\repos\MailApplication\MailApplication.csproj]
C:\Users\sorat\source\repos\MailApplication\UserControls\InboxControl.cs(12,12): warning CS8618: Non-nullable field 'btnRefresh' must contain a non-null value when exiting constructor. Consider adding the 'required' modifier or declaring the field as nullable. [C:\Users\sorat\source\repos\MailApplication\MailApplication.csproj]
C:\Users\sorat\source\repos\MailApplication\UserControls\InboxControl.cs(12,12): warning CS8618: Non-nullable field 'btnOpen' must contain a non-null value when exiting constructor. Consider adding the 'required' modifier or declaring the field as nullable. [C:\Users\sorat\source\repos\MailApplication\MailApplication.csproj]
C:\Users\sorat\source\repos\MailApplication\Services\OutlookServiceWrapper.cs(54,29): warning CS8605: Unboxing a possibly null value. [C:\Users\sorat\source\repos\MailApplication\MailApplication.csproj]
C:\Users\sorat\source\repos\MailApplication\Services\OutlookServiceWrapper.cs(143,33): warning CS8605: Unboxing a possibly null value. [C:\Users\sorat\source\repos\MailApplication\MailApplication.csproj]
C:\Users\sorat\source\repos\MailApplication\Services\OutlookServiceWrapper.cs(170,52): warning CS8605: Unboxing a possibly null value. [C:\Users\sorat\source\repos\MailApplication\MailApplication.csproj]
C:\Users\sorat\source\repos\MailApplication\Services\OutlookServiceWrapper.cs(173,51): warning CS8605: Unboxing a possibly null value. [C:\Users\sorat\source\repos\MailApplication\MailApplication.csproj]
C:\Users\sorat\source\repos\MailApplication\Services\BulkMailSenderService.cs(167,17): error CS0815: Cannot assign void to an implicitly-typed variable [C:\Users\sorat\source\repos\MailApplication\MailApplication.csproj]
C:\Users\sorat\source\repos\MailApplication\UserControls\OutboxControl.cs(29,13): warning CS8602: Dereference of a possibly null reference. [C:\Users\sorat\source\repos\MailApplication\MailApplication.csproj]
C:\Users\sorat\source\repos\MailApplication\UserControls\OutboxControl.cs(30,13): warning CS8602: Dereference of a possibly null reference. [C:\Users\sorat\source\repos\MailApplication\MailApplication.csproj]
C:\Users\sorat\source\repos\MailApplication\UserControls\OutboxControl.cs(12,12): warning CS8618: Non-nullable field 'listViewOutbox' must contain a non-null value when exiting constructor. Consider adding the 'required' modifier or declaring the field as nullable. [C:\Users\sorat\source\repos\MailApplication\MailApplication.csproj]
C:\Users\sorat\source\repos\MailApplication\UserControls\OutboxControl.cs(12,12): warning CS8618: Non-nullable field 'btnRefresh' must contain a non-null value when exiting constructor. Consider adding the 'required' modifier or declaring the field as nullable. [C:\Users\sorat\source\repos\MailApplication\MailApplication.csproj]
C:\Users\sorat\source\repos\MailApplication\UserControls\OutboxControl.cs(12,12): warning CS8618: Non-nullable field 'btnOpen' must contain a non-null value when exiting constructor. Consider adding the 'required' modifier or declaring the field as nullable. [C:\Users\sorat\source\repos\MailApplication\MailApplication.csproj]
C:\Users\sorat\source\repos\MailApplication\UserControls\InboxControl.cs(115,36): warning CS8605: Unboxing a possibly null value. [C:\Users\sorat\source\repos\MailApplication\MailApplication.csproj]
C:\Users\sorat\source\repos\MailApplication\UserControls\InboxControl.cs(116,28): warning CS8605: Unboxing a possibly null value. [C:\Users\sorat\source\repos\MailApplication\MailApplication.csproj]
C:\Users\sorat\source\repos\MailApplication\Services\OutlookServiceWrapper.cs(283,47): warning CS8605: Unboxing a possibly null value. [C:\Users\sorat\source\repos\MailApplication\MailApplication.csproj]
C:\Users\sorat\source\repos\MailApplication\Services\OutlookServiceWrapper.cs(334,47): warning CS8605: Unboxing a possibly null value. [C:\Users\sorat\source\repos\MailApplication\MailApplication.csproj]
C:\Users\sorat\source\repos\MailApplication\Services\OutlookAccountService.cs(41,39): error CS0117: 'Marshal' does not contain a definition for 'GetActiveObject' [C:\Users\sorat\source\repos\MailApplication\MailApplication.csproj]
C:\Users\sorat\source\repos\MailApplication\UserControls\RecipientsControl.cs(23,12): warning CS8618: Non-nullable field 'cmbIndustry' must contain a non-null value when exiting constructor. Consider adding the 'required' modifier or declaring the field as nullable. [C:\Users\sorat\source\repos\MailApplication\MailApplication.csproj]
C:\Users\sorat\source\repos\MailApplication\UserControls\RecipientsControl.cs(23,12): warning CS8618: Non-nullable field 'listViewRecipients' must contain a non-null value when exiting constructor. Consider adding the 'required' modifier or declaring the field as nullable. [C:\Users\sorat\source\repos\MailApplication\MailApplication.csproj]
C:\Users\sorat\source\repos\MailApplication\UserControls\RecipientsControl.cs(23,12): warning CS8618: Non-nullable field 'btnAddRecipient' must contain a non-null value when exiting constructor. Consider adding the 'required' modifier or declaring the field as nullable. [C:\Users\sorat\source\repos\MailApplication\MailApplication.csproj]
C:\Users\sorat\source\repos\MailApplication\UserControls\RecipientsControl.cs(23,12): warning CS8618: Non-nullable field 'btnEditRecipient' must contain a non-null value when exiting constructor. Consider adding the 'required' modifier or declaring the field as nullable. [C:\Users\sorat\source\repos\MailApplication\MailApplication.csproj]
C:\Users\sorat\source\repos\MailApplication\UserControls\RecipientsControl.cs(23,12): warning CS8618: Non-nullable field 'btnDeleteRecipient' must contain a non-null value when exiting constructor. Consider adding the 'required' modifier or declaring the field as nullable. [C:\Users\sorat\source\repos\MailApplication\MailApplication.csproj]
C:\Users\sorat\source\repos\MailApplication\UserControls\RecipientsControl.cs(23,12): warning CS8618: Non-nullable field 'btnImport' must contain a non-null value when exiting constructor. Consider adding the 'required' modifier or declaring the field as nullable. [C:\Users\sorat\source\repos\MailApplication\MailApplication.csproj]
C:\Users\sorat\source\repos\MailApplication\UserControls\RecipientsControl.cs(23,12): warning CS8618: Non-nullable field 'btnRefresh' must contain a non-null value when exiting constructor. Consider adding the 'required' modifier or declaring the field as nullable. [C:\Users\sorat\source\repos\MailApplication\MailApplication.csproj]
C:\Users\sorat\source\repos\MailApplication\UserControls\RecipientsControl.cs(23,12): warning CS8618: Non-nullable field 'txtSearch' must contain a non-null value when exiting constructor. Consider adding the 'required' modifier or declaring the field as nullable. [C:\Users\sorat\source\repos\MailApplication\MailApplication.csproj]
C:\Users\sorat\source\repos\MailApplication\UserControls\SendMailControl.cs(48,12): warning CS8618: Non-nullable field 'cmbIndustry' must contain a non-null value when exiting constructor. Consider adding the 'required' modifier or declaring the field as nullable. [C:\Users\sorat\source\repos\MailApplication\MailApplication.csproj]
C:\Users\sorat\source\repos\MailApplication\UserControls\SendMailControl.cs(48,12): warning CS8618: Non-nullable field 'cmbTemplateSource' must contain a non-null value when exiting constructor. Consider adding the 'required' modifier or declaring the field as nullable. [C:\Users\sorat\source\repos\MailApplication\MailApplication.csproj]
C:\Users\sorat\source\repos\MailApplication\UserControls\SendMailControl.cs(48,12): warning CS8618: Non-nullable field 'cmbDraft' must contain a non-null value when exiting constructor. Consider adding the 'required' modifier or declaring the field as nullable. [C:\Users\sorat\source\repos\MailApplication\MailApplication.csproj]
C:\Users\sorat\source\repos\MailApplication\UserControls\SendMailControl.cs(48,12): warning CS8618: Non-nullable field 'cmbSenderAccount' must contain a non-null value when exiting constructor. Consider adding the 'required' modifier or declaring the field as nullable. [C:\Users\sorat\source\repos\MailApplication\MailApplication.csproj]
C:\Users\sorat\source\repos\MailApplication\UserControls\SendMailControl.cs(48,12): warning CS8618: Non-nullable field 'cmbRotationStrategy' must contain a non-null value when exiting constructor. Consider adding the 'required' modifier or declaring the field as nullable. [C:\Users\sorat\source\repos\MailApplication\MailApplication.csproj]
C:\Users\sorat\source\repos\MailApplication\UserControls\SendMailControl.cs(48,12): warning CS8618: Non-nullable field 'chkAccountList' must contain a non-null value when exiting constructor. Consider adding the 'required' modifier or declaring the field as nullable. [C:\Users\sorat\source\repos\MailApplication\MailApplication.csproj]
C:\Users\sorat\source\repos\MailApplication\UserControls\SendMailControl.cs(48,12): warning CS8618: Non-nullable field 'listViewRecipients' must contain a non-null value when exiting constructor. Consider adding the 'required' modifier or declaring the field as nullable. [C:\Users\sorat\source\repos\MailApplication\MailApplication.csproj]
C:\Users\sorat\source\repos\MailApplication\UserControls\SendMailControl.cs(48,12): warning CS8618: Non-nullable field 'chkSelectAll' must contain a non-null value when exiting constructor. Consider adding the 'required' modifier or declaring the field as nullable. [C:\Users\sorat\source\repos\MailApplication\MailApplication.csproj]
C:\Users\sorat\source\repos\MailApplication\UserControls\SendMailControl.cs(48,12): warning CS8618: Non-nullable field 'txtBatchSize' must contain a non-null value when exiting constructor. Consider adding the 'required' modifier or declaring the field as nullable. [C:\Users\sorat\source\repos\MailApplication\MailApplication.csproj]
C:\Users\sorat\source\repos\MailApplication\UserControls\SendMailControl.cs(48,12): warning CS8618: Non-nullable field 'txtDelay' must contain a non-null value when exiting constructor. Consider adding the 'required' modifier or declaring the field as nullable. [C:\Users\sorat\source\repos\MailApplication\MailApplication.csproj]
C:\Users\sorat\source\repos\MailApplication\UserControls\SendMailControl.cs(48,12): warning CS8618: Non-nullable field 'btnPreviewDraft' must contain a non-null value when exiting constructor. Consider adding the 'required' modifier or declaring the field as nullable. [C:\Users\sorat\source\repos\MailApplication\MailApplication.csproj]
C:\Users\sorat\source\repos\MailApplication\UserControls\SendMailControl.cs(48,12): warning CS8618: Non-nullable field 'btnImportRecipients' must contain a non-null value when exiting constructor. Consider adding the 'required' modifier or declaring the field as nullable. [C:\Users\sorat\source\repos\MailApplication\MailApplication.csproj]
C:\Users\sorat\source\repos\MailApplication\UserControls\SendMailControl.cs(48,12): warning CS8618: Non-nullable field 'btnMarkSent' must contain a non-null value when exiting constructor. Consider adding the 'required' modifier or declaring the field as nullable. [C:\Users\sorat\source\repos\MailApplication\MailApplication.csproj]
C:\Users\sorat\source\repos\MailApplication\UserControls\SendMailControl.cs(48,12): warning CS8618: Non-nullable field 'btnMarkUnsent' must contain a non-null value when exiting constructor. Consider adding the 'required' modifier or declaring the field as nullable. [C:\Users\sorat\source\repos\MailApplication\MailApplication.csproj]
C:\Users\sorat\source\repos\MailApplication\UserControls\SendMailControl.cs(48,12): warning CS8618: Non-nullable field 'btnStartSending' must contain a non-null value when exiting constructor. Consider adding the 'required' modifier or declaring the field as nullable. [C:\Users\sorat\source\repos\MailApplication\MailApplication.csproj]
C:\Users\sorat\source\repos\MailApplication\UserControls\SendMailControl.cs(48,12): warning CS8618: Non-nullable field 'btnStopSending' must contain a non-null value when exiting constructor. Consider adding the 'required' modifier or declaring the field as nullable. [C:\Users\sorat\source\repos\MailApplication\MailApplication.csproj]
C:\Users\sorat\source\repos\MailApplication\UserControls\SendMailControl.cs(48,12): warning CS8618: Non-nullable field 'progressBar' must contain a non-null value when exiting constructor. Consider adding the 'required' modifier or declaring the field as nullable. [C:\Users\sorat\source\repos\MailApplication\MailApplication.csproj]
C:\Users\sorat\source\repos\MailApplication\UserControls\SendMailControl.cs(48,12): warning CS8618: Non-nullable field 'lblProgress' must contain a non-null value when exiting constructor. Consider adding the 'required' modifier or declaring the field as nullable. [C:\Users\sorat\source\repos\MailApplication\MailApplication.csproj]
C:\Users\sorat\source\repos\MailApplication\UserControls\SendMailControl.cs(48,12): warning CS8618: Non-nullable field 'txtLog' must contain a non-null value when exiting constructor. Consider adding the 'required' modifier or declaring the field as nullable. [C:\Users\sorat\source\repos\MailApplication\MailApplication.csproj]
C:\Users\sorat\source\repos\MailApplication\UserControls\SendMailControl.cs(48,12): warning CS8618: Non-nullable field 'lblAccountList' must contain a non-null value when exiting constructor. Consider adding the 'required' modifier or declaring the field as nullable. [C:\Users\sorat\source\repos\MailApplication\MailApplication.csproj]
C:\Users\sorat\source\repos\MailApplication\UserControls\SendMailControl.cs(48,12): warning CS8618: Non-nullable field 'pnlAccountList' must contain a non-null value when exiting constructor. Consider adding the 'required' modifier or declaring the field as nullable. [C:\Users\sorat\source\repos\MailApplication\MailApplication.csproj]
C:\Users\sorat\source\repos\MailApplication\UserControls\OutboxControl.cs(125,30): warning CS8605: Unboxing a possibly null value. [C:\Users\sorat\source\repos\MailApplication\MailApplication.csproj]
C:\Users\sorat\source\repos\MailApplication\UserControls\OutboxControl.cs(126,28): warning CS8605: Unboxing a possibly null value. [C:\Users\sorat\source\repos\MailApplication\MailApplication.csproj]
C:\Users\sorat\source\repos\MailApplication\Forms\DraftEditorForm.cs(391,60): warning CS8604: Possible null reference argument for parameter 'value' in 'void HtmlDocument.ExecCommand(string command, bool showUI, object value)'. [C:\Users\sorat\source\repos\MailApplication\MailApplication.csproj]
C:\Users\sorat\source\repos\MailApplication\Services\OutlookServiceWrapper.cs(427,29): warning CS8605: Unboxing a possibly null value. [C:\Users\sorat\source\repos\MailApplication\MailApplication.csproj]
C:\Users\sorat\source\repos\MailApplication\Services\OutlookAccountService.cs(93,29): warning CS8605: Unboxing a possibly null value. [C:\Users\sorat\source\repos\MailApplication\MailApplication.csproj]
C:\Users\sorat\source\repos\MailApplication\Services\OutlookAccountService.cs(263,25): warning CS8605: Unboxing a possibly null value. [C:\Users\sorat\source\repos\MailApplication\MailApplication.csproj]
C:\Users\sorat\source\repos\MailApplication\Services\OutlookAccountService.cs(335,29): warning CS8605: Unboxing a possibly null value. [C:\Users\sorat\source\repos\MailApplication\MailApplication.csproj]

Build FAILED.

C:\Users\sorat\source\repos\MailApplication\UserControls\SettingsControl.cs(22,12): warning CS8618: Non-nullable field 'listViewIndustries' must contain a non-null value when exiting constructor. Consider adding the 'required' modifier or declaring the field as nullable. [C:\Users\sorat\source\repos\MailApplication\MailApplication.csproj]
C:\Users\sorat\source\repos\MailApplication\UserControls\SettingsControl.cs(22,12): warning CS8618: Non-nullable field 'btnAddIndustry' must contain a non-null value when exiting constructor. Consider adding the 'required' modifier or declaring the field as nullable. [C:\Users\sorat\source\repos\MailApplication\MailApplication.csproj]
C:\Users\sorat\source\repos\MailApplication\UserControls\SettingsControl.cs(22,12): warning CS8618: Non-nullable field 'btnEditIndustry' must contain a non-null value when exiting constructor. Consider adding the 'required' modifier or declaring the field as nullable. [C:\Users\sorat\source\repos\MailApplication\MailApplication.csproj]
C:\Users\sorat\source\repos\MailApplication\UserControls\SettingsControl.cs(22,12): warning CS8618: Non-nullable field 'btnDeleteIndustry' must contain a non-null value when exiting constructor. Consider adding the 'required' modifier or declaring the field as nullable. [C:\Users\sorat\source\repos\MailApplication\MailApplication.csproj]
C:\Users\sorat\source\repos\MailApplication\UserControls\SettingsControl.cs(22,12): warning CS8618: Non-nullable field 'btnRefresh' must contain a non-null value when exiting constructor. Consider adding the 'required' modifier or declaring the field as nullable. [C:\Users\sorat\source\repos\MailApplication\MailApplication.csproj]
C:\Users\sorat\source\repos\MailApplication\UserControls\SettingsControl.cs(22,12): warning CS8618: Non-nullable field 'txtBatchSize' must contain a non-null value when exiting constructor. Consider adding the 'required' modifier or declaring the field as nullable. [C:\Users\sorat\source\repos\MailApplication\MailApplication.csproj]
C:\Users\sorat\source\repos\MailApplication\UserControls\SettingsControl.cs(22,12): warning CS8618: Non-nullable field 'txtDelay' must contain a non-null value when exiting constructor. Consider adding the 'required' modifier or declaring the field as nullable. [C:\Users\sorat\source\repos\MailApplication\MailApplication.csproj]
C:\Users\sorat\source\repos\MailApplication\UserControls\SettingsControl.cs(22,12): warning CS8618: Non-nullable field 'btnSaveSettings' must contain a non-null value when exiting constructor. Consider adding the 'required' modifier or declaring the field as nullable. [C:\Users\sorat\source\repos\MailApplication\MailApplication.csproj]
C:\Users\sorat\source\repos\MailApplication\Forms\AccountEditorForm.cs(18,12): warning CS8618: Non-nullable field 'txtAccountName' must contain a non-null value when exiting constructor. Consider adding the 'required' modifier or declaring the field as nullable. [C:\Users\sorat\source\repos\MailApplication\MailApplication.csproj]
C:\Users\sorat\source\repos\MailApplication\Forms\AccountEditorForm.cs(18,12): warning CS8618: Non-nullable field 'txtEmailAddress' must contain a non-null value when exiting constructor. Consider adding the 'required' modifier or declaring the field as nullable. [C:\Users\sorat\source\repos\MailApplication\MailApplication.csproj]
C:\Users\sorat\source\repos\MailApplication\Forms\AccountEditorForm.cs(18,12): warning CS8618: Non-nullable field 'chkIsDefault' must contain a non-null value when exiting constructor. Consider adding the 'required' modifier or declaring the field as nullable. [C:\Users\sorat\source\repos\MailApplication\MailApplication.csproj]
C:\Users\sorat\source\repos\MailApplication\Forms\AccountEditorForm.cs(18,12): warning CS8618: Non-nullable field 'btnSave' must contain a non-null value when exiting constructor. Consider adding the 'required' modifier or declaring the field as nullable. [C:\Users\sorat\source\repos\MailApplication\MailApplication.csproj]
C:\Users\sorat\source\repos\MailApplication\Forms\AccountEditorForm.cs(18,12): warning CS8618: Non-nullable field 'btnCancel' must contain a non-null value when exiting constructor. Consider adding the 'required' modifier or declaring the field as nullable. [C:\Users\sorat\source\repos\MailApplication\MailApplication.csproj]
C:\Users\sorat\source\repos\MailApplication\Forms\RecipientEditorForm.cs(20,12): warning CS8618: Non-nullable field 'txtEmail' must contain a non-null value when exiting constructor. Consider adding the 'required' modifier or declaring the field as nullable. [C:\Users\sorat\source\repos\MailApplication\MailApplication.csproj]
C:\Users\sorat\source\repos\MailApplication\Forms\RecipientEditorForm.cs(20,12): warning CS8618: Non-nullable field 'txtName' must contain a non-null value when exiting constructor. Consider adding the 'required' modifier or declaring the field as nullable. [C:\Users\sorat\source\repos\MailApplication\MailApplication.csproj]
C:\Users\sorat\source\repos\MailApplication\Forms\RecipientEditorForm.cs(20,12): warning CS8618: Non-nullable field 'chkIndustries' must contain a non-null value when exiting constructor. Consider adding the 'required' modifier or declaring the field as nullable. [C:\Users\sorat\source\repos\MailApplication\MailApplication.csproj]
C:\Users\sorat\source\repos\MailApplication\Forms\RecipientEditorForm.cs(20,12): warning CS8618: Non-nullable field 'btnSave' must contain a non-null value when exiting constructor. Consider adding the 'required' modifier or declaring the field as nullable. [C:\Users\sorat\source\repos\MailApplication\MailApplication.csproj]
C:\Users\sorat\source\repos\MailApplication\Forms\RecipientEditorForm.cs(20,12): warning CS8618: Non-nullable field 'btnCancel' must contain a non-null value when exiting constructor. Consider adding the 'required' modifier or declaring the field as nullable. [C:\Users\sorat\source\repos\MailApplication\MailApplication.csproj]
C:\Users\sorat\source\repos\MailApplication\Forms\DraftEditorForm.cs(24,12): warning CS8618: Non-nullable field 'rbApp' must contain a non-null value when exiting constructor. Consider adding the 'required' modifier or declaring the field as nullable. [C:\Users\sorat\source\repos\MailApplication\MailApplication.csproj]
C:\Users\sorat\source\repos\MailApplication\Forms\DraftEditorForm.cs(24,12): warning CS8618: Non-nullable field 'rbOutlook' must contain a non-null value when exiting constructor. Consider adding the 'required' modifier or declaring the field as nullable. [C:\Users\sorat\source\repos\MailApplication\MailApplication.csproj]
C:\Users\sorat\source\repos\MailApplication\Forms\DraftEditorForm.cs(24,12): warning CS8618: Non-nullable field 'txtSubject' must contain a non-null value when exiting constructor. Consider adding the 'required' modifier or declaring the field as nullable. [C:\Users\sorat\source\repos\MailApplication\MailApplication.csproj]
C:\Users\sorat\source\repos\MailApplication\Forms\DraftEditorForm.cs(24,12): warning CS8618: Non-nullable field 'webEditor' must contain a non-null value when exiting constructor. Consider adding the 'required' modifier or declaring the field as nullable. [C:\Users\sorat\source\repos\MailApplication\MailApplication.csproj]
C:\Users\sorat\source\repos\MailApplication\Forms\DraftEditorForm.cs(24,12): warning CS8618: Non-nullable field 'btnSave' must contain a non-null value when exiting constructor. Consider adding the 'required' modifier or declaring the field as nullable. [C:\Users\sorat\source\repos\MailApplication\MailApplication.csproj]
C:\Users\sorat\source\repos\MailApplication\Forms\DraftEditorForm.cs(24,12): warning CS8618: Non-nullable field 'btnCancel' must contain a non-null value when exiting constructor. Consider adding the 'required' modifier or declaring the field as nullable. [C:\Users\sorat\source\repos\MailApplication\MailApplication.csproj]
C:\Users\sorat\source\repos\MailApplication\Forms\DraftEditorForm.cs(24,12): warning CS8618: Non-nullable field 'btnDesignInOutlook' must contain a non-null value when exiting constructor. Consider adding the 'required' modifier or declaring the field as nullable. [C:\Users\sorat\source\repos\MailApplication\MailApplication.csproj]
C:\Users\sorat\source\repos\MailApplication\Forms\DraftEditorForm.cs(24,12): warning CS8618: Non-nullable field 'toolStrip' must contain a non-null value when exiting constructor. Consider adding the 'required' modifier or declaring the field as nullable. [C:\Users\sorat\source\repos\MailApplication\MailApplication.csproj]
C:\Users\sorat\source\repos\MailApplication\Forms\IndustryEditorForm.cs(16,12): warning CS8618: Non-nullable field 'txtName' must contain a non-null value when exiting constructor. Consider adding the 'required' modifier or declaring the field as nullable. [C:\Users\sorat\source\repos\MailApplication\MailApplication.csproj]
C:\Users\sorat\source\repos\MailApplication\Forms\IndustryEditorForm.cs(16,12): warning CS8618: Non-nullable field 'txtDescription' must contain a non-null value when exiting constructor. Consider adding the 'required' modifier or declaring the field as nullable. [C:\Users\sorat\source\repos\MailApplication\MailApplication.csproj]
C:\Users\sorat\source\repos\MailApplication\Forms\IndustryEditorForm.cs(16,12): warning CS8618: Non-nullable field 'btnSave' must contain a non-null value when exiting constructor. Consider adding the 'required' modifier or declaring the field as nullable. [C:\Users\sorat\source\repos\MailApplication\MailApplication.csproj]
C:\Users\sorat\source\repos\MailApplication\Forms\IndustryEditorForm.cs(16,12): warning CS8618: Non-nullable field 'btnCancel' must contain a non-null value when exiting constructor. Consider adding the 'required' modifier or declaring the field as nullable. [C:\Users\sorat\source\repos\MailApplication\MailApplication.csproj]
C:\Users\sorat\source\repos\MailApplication\Forms\ImportRecipientsForm.cs(19,12): warning CS8618: Non-nullable field 'txtFilePath' must contain a non-null value when exiting constructor. Consider adding the 'required' modifier or declaring the field as nullable. [C:\Users\sorat\source\repos\MailApplication\MailApplication.csproj]
C:\Users\sorat\source\repos\MailApplication\Forms\ImportRecipientsForm.cs(19,12): warning CS8618: Non-nullable field 'btnBrowse' must contain a non-null value when exiting constructor. Consider adding the 'required' modifier or declaring the field as nullable. [C:\Users\sorat\source\repos\MailApplication\MailApplication.csproj]
C:\Users\sorat\source\repos\MailApplication\Forms\ImportRecipientsForm.cs(19,12): warning CS8618: Non-nullable field 'chkIndustries' must contain a non-null value when exiting constructor. Consider adding the 'required' modifier or declaring the field as nullable. [C:\Users\sorat\source\repos\MailApplication\MailApplication.csproj]
C:\Users\sorat\source\repos\MailApplication\Forms\ImportRecipientsForm.cs(19,12): warning CS8618: Non-nullable field 'btnImport' must contain a non-null value when exiting constructor. Consider adding the 'required' modifier or declaring the field as nullable. [C:\Users\sorat\source\repos\MailApplication\MailApplication.csproj]
C:\Users\sorat\source\repos\MailApplication\Forms\ImportRecipientsForm.cs(19,12): warning CS8618: Non-nullable field 'btnCancel' must contain a non-null value when exiting constructor. Consider adding the 'required' modifier or declaring the field as nullable. [C:\Users\sorat\source\repos\MailApplication\MailApplication.csproj]
C:\Users\sorat\source\repos\MailApplication\Forms\ImportRecipientsForm.cs(19,12): warning CS8618: Non-nullable field 'lblStatus' must contain a non-null value when exiting constructor. Consider adding the 'required' modifier or declaring the field as nullable. [C:\Users\sorat\source\repos\MailApplication\MailApplication.csproj]
C:\Users\sorat\source\repos\MailApplication\Forms\MainForm.cs(28,12): warning CS8618: Non-nullable field 'sidebarPanel' must contain a non-null value when exiting constructor. Consider adding the 'required' modifier or declaring the field as nullable. [C:\Users\sorat\source\repos\MailApplication\MailApplication.csproj]
C:\Users\sorat\source\repos\MailApplication\Forms\MainForm.cs(28,12): warning CS8618: Non-nullable field 'contentPanel' must contain a non-null value when exiting constructor. Consider adding the 'required' modifier or declaring the field as nullable. [C:\Users\sorat\source\repos\MailApplication\MailApplication.csproj]
C:\Users\sorat\source\repos\MailApplication\Forms\MainForm.cs(28,12): warning CS8618: Non-nullable field 'btnDrafts' must contain a non-null value when exiting constructor. Consider adding the 'required' modifier or declaring the field as nullable. [C:\Users\sorat\source\repos\MailApplication\MailApplication.csproj]
C:\Users\sorat\source\repos\MailApplication\Forms\MainForm.cs(28,12): warning CS8618: Non-nullable field 'btnSendMail' must contain a non-null value when exiting constructor. Consider adding the 'required' modifier or declaring the field as nullable. [C:\Users\sorat\source\repos\MailApplication\MailApplication.csproj]
C:\Users\sorat\source\repos\MailApplication\Forms\MainForm.cs(28,12): warning CS8618: Non-nullable field 'btnInbox' must contain a non-null value when exiting constructor. Consider adding the 'required' modifier or declaring the field as nullable. [C:\Users\sorat\source\repos\MailApplication\MailApplication.csproj]
C:\Users\sorat\source\repos\MailApplication\Forms\MainForm.cs(28,12): warning CS8618: Non-nullable field 'btnOutbox' must contain a non-null value when exiting constructor. Consider adding the 'required' modifier or declaring the field as nullable. [C:\Users\sorat\source\repos\MailApplication\MailApplication.csproj]
C:\Users\sorat\source\repos\MailApplication\Forms\MainForm.cs(28,12): warning CS8618: Non-nullable field 'btnRecipients' must contain a non-null value when exiting constructor. Consider adding the 'required' modifier or declaring the field as nullable. [C:\Users\sorat\source\repos\MailApplication\MailApplication.csproj]
C:\Users\sorat\source\repos\MailApplication\Forms\MainForm.cs(28,12): warning CS8618: Non-nullable field 'btnAccounts' must contain a non-null value when exiting constructor. Consider adding the 'required' modifier or declaring the field as nullable. [C:\Users\sorat\source\repos\MailApplication\MailApplication.csproj]
C:\Users\sorat\source\repos\MailApplication\Forms\MainForm.cs(28,12): warning CS8618: Non-nullable field 'btnSettings' must contain a non-null value when exiting constructor. Consider adding the 'required' modifier or declaring the field as nullable. [C:\Users\sorat\source\repos\MailApplication\MailApplication.csproj]
C:\Users\sorat\source\repos\MailApplication\Forms\MainForm.cs(28,12): warning CS8618: Non-nullable field 'lblTitle' must contain a non-null value when exiting constructor. Consider adding the 'required' modifier or declaring the field as nullable. [C:\Users\sorat\source\repos\MailApplication\MailApplication.csproj]
C:\Users\sorat\source\repos\MailApplication\Forms\MainForm.cs(28,12): warning CS8618: Non-nullable field '_dbService' must contain a non-null value when exiting constructor. Consider adding the 'required' modifier or declaring the field as nullable. [C:\Users\sorat\source\repos\MailApplication\MailApplication.csproj]
C:\Users\sorat\source\repos\MailApplication\Forms\MainForm.cs(28,12): warning CS8618: Non-nullable field '_outlookService' must contain a non-null value when exiting constructor. Consider adding the 'required' modifier or declaring the field as nullable. [C:\Users\sorat\source\repos\MailApplication\MailApplication.csproj]
C:\Users\sorat\source\repos\MailApplication\Forms\MainForm.cs(28,12): warning CS8618: Non-nullable field '_emailService' must contain a non-null value when exiting constructor. Consider adding the 'required' modifier or declaring the field as nullable. [C:\Users\sorat\source\repos\MailApplication\MailApplication.csproj]
C:\Users\sorat\source\repos\MailApplication\Forms\MainForm.cs(28,12): warning CS8618: Non-nullable field '_accountService' must contain a non-null value when exiting constructor. Consider adding the 'required' modifier or declaring the field as nullable. [C:\Users\sorat\source\repos\MailApplication\MailApplication.csproj]
C:\Users\sorat\source\repos\MailApplication\Forms\MainForm.cs(28,12): warning CS8618: Non-nullable field '_bulkSenderService' must contain a non-null value when exiting constructor. Consider adding the 'required' modifier or declaring the field as nullable. [C:\Users\sorat\source\repos\MailApplication\MailApplication.csproj]
C:\Users\sorat\source\repos\MailApplication\UserControls\DraftsControl.cs(28,12): warning CS8618: Non-nullable field 'tabControl' must contain a non-null value when exiting constructor. Consider adding the 'required' modifier or declaring the field as nullable. [C:\Users\sorat\source\repos\MailApplication\MailApplication.csproj]
C:\Users\sorat\source\repos\MailApplication\UserControls\DraftsControl.cs(28,12): warning CS8618: Non-nullable field 'tabAppDrafts' must contain a non-null value when exiting constructor. Consider adding the 'required' modifier or declaring the field as nullable. [C:\Users\sorat\source\repos\MailApplication\MailApplication.csproj]
C:\Users\sorat\source\repos\MailApplication\UserControls\DraftsControl.cs(28,12): warning CS8618: Non-nullable field 'tabOutlookDrafts' must contain a non-null value when exiting constructor. Consider adding the 'required' modifier or declaring the field as nullable. [C:\Users\sorat\source\repos\MailApplication\MailApplication.csproj]
C:\Users\sorat\source\repos\MailApplication\UserControls\DraftsControl.cs(28,12): warning CS8618: Non-nullable field 'listViewApp' must contain a non-null value when exiting constructor. Consider adding the 'required' modifier or declaring the field as nullable. [C:\Users\sorat\source\repos\MailApplication\MailApplication.csproj]
C:\Users\sorat\source\repos\MailApplication\UserControls\DraftsControl.cs(28,12): warning CS8618: Non-nullable field 'listViewOutlook' must contain a non-null value when exiting constructor. Consider adding the 'required' modifier or declaring the field as nullable. [C:\Users\sorat\source\repos\MailApplication\MailApplication.csproj]
C:\Users\sorat\source\repos\MailApplication\UserControls\DraftsControl.cs(28,12): warning CS8618: Non-nullable field 'btnCreateNew' must contain a non-null value when exiting constructor. Consider adding the 'required' modifier or declaring the field as nullable. [C:\Users\sorat\source\repos\MailApplication\MailApplication.csproj]
C:\Users\sorat\source\repos\MailApplication\UserControls\DraftsControl.cs(28,12): warning CS8618: Non-nullable field 'btnEdit' must contain a non-null value when exiting constructor. Consider adding the 'required' modifier or declaring the field as nullable. [C:\Users\sorat\source\repos\MailApplication\MailApplication.csproj]
C:\Users\sorat\source\repos\MailApplication\UserControls\DraftsControl.cs(28,12): warning CS8618: Non-nullable field 'btnDelete' must contain a non-null value when exiting constructor. Consider adding the 'required' modifier or declaring the field as nullable. [C:\Users\sorat\source\repos\MailApplication\MailApplication.csproj]
C:\Users\sorat\source\repos\MailApplication\UserControls\DraftsControl.cs(28,12): warning CS8618: Non-nullable field 'btnRefresh' must contain a non-null value when exiting constructor. Consider adding the 'required' modifier or declaring the field as nullable. [C:\Users\sorat\source\repos\MailApplication\MailApplication.csproj]
C:\Users\sorat\source\repos\MailApplication\UserControls\DraftsControl.cs(28,12): warning CS8618: Non-nullable field 'btnPreview' must contain a non-null value when exiting constructor. Consider adding the 'required' modifier or declaring the field as nullable. [C:\Users\sorat\source\repos\MailApplication\MailApplication.csproj]
C:\Users\sorat\source\repos\MailApplication\UserControls\AccountsControl.cs(20,12): warning CS8618: Non-nullable field 'listViewAccounts' must contain a non-null value when exiting constructor. Consider adding the 'required' modifier or declaring the field as nullable. [C:\Users\sorat\source\repos\MailApplication\MailApplication.csproj]
C:\Users\sorat\source\repos\MailApplication\UserControls\AccountsControl.cs(20,12): warning CS8618: Non-nullable field 'btnFetchFromOutlook' must contain a non-null value when exiting constructor. Consider adding the 'required' modifier or declaring the field as nullable. [C:\Users\sorat\source\repos\MailApplication\MailApplication.csproj]
C:\Users\sorat\source\repos\MailApplication\UserControls\AccountsControl.cs(20,12): warning CS8618: Non-nullable field 'btnSetDefault' must contain a non-null value when exiting constructor. Consider adding the 'required' modifier or declaring the field as nullable. [C:\Users\sorat\source\repos\MailApplication\MailApplication.csproj]
C:\Users\sorat\source\repos\MailApplication\UserControls\AccountsControl.cs(20,12): warning CS8618: Non-nullable field 'btnRefresh' must contain a non-null value when exiting constructor. Consider adding the 'required' modifier or declaring the field as nullable. [C:\Users\sorat\source\repos\MailApplication\MailApplication.csproj]
C:\Users\sorat\source\repos\MailApplication\UserControls\AccountsControl.cs(20,12): warning CS8618: Non-nullable field 'btnDeleteAccount' must contain a non-null value when exiting constructor. Consider adding the 'required' modifier or declaring the field as nullable. [C:\Users\sorat\source\repos\MailApplication\MailApplication.csproj]
C:\Users\sorat\source\repos\MailApplication\UserControls\InboxControl.cs(29,13): warning CS8602: Dereference of a possibly null reference. [C:\Users\sorat\source\repos\MailApplication\MailApplication.csproj]
C:\Users\sorat\source\repos\MailApplication\UserControls\InboxControl.cs(30,13): warning CS8602: Dereference of a possibly null reference. [C:\Users\sorat\source\repos\MailApplication\MailApplication.csproj]
C:\Users\sorat\source\repos\MailApplication\UserControls\InboxControl.cs(12,12): warning CS8618: Non-nullable field 'listViewInbox' must contain a non-null value when exiting constructor. Consider adding the 'required' modifier or declaring the field as nullable. [C:\Users\sorat\source\repos\MailApplication\MailApplication.csproj]
C:\Users\sorat\source\repos\MailApplication\UserControls\InboxControl.cs(12,12): warning CS8618: Non-nullable field 'btnRefresh' must contain a non-null value when exiting constructor. Consider adding the 'required' modifier or declaring the field as nullable. [C:\Users\sorat\source\repos\MailApplication\MailApplication.csproj]
C:\Users\sorat\source\repos\MailApplication\UserControls\InboxControl.cs(12,12): warning CS8618: Non-nullable field 'btnOpen' must contain a non-null value when exiting constructor. Consider adding the 'required' modifier or declaring the field as nullable. [C:\Users\sorat\source\repos\MailApplication\MailApplication.csproj]
C:\Users\sorat\source\repos\MailApplication\Services\OutlookServiceWrapper.cs(54,29): warning CS8605: Unboxing a possibly null value. [C:\Users\sorat\source\repos\MailApplication\MailApplication.csproj]
C:\Users\sorat\source\repos\MailApplication\Services\OutlookServiceWrapper.cs(143,33): warning CS8605: Unboxing a possibly null value. [C:\Users\sorat\source\repos\MailApplication\MailApplication.csproj]
C:\Users\sorat\source\repos\MailApplication\Services\OutlookServiceWrapper.cs(170,52): warning CS8605: Unboxing a possibly null value. [C:\Users\sorat\source\repos\MailApplication\MailApplication.csproj]
C:\Users\sorat\source\repos\MailApplication\Services\OutlookServiceWrapper.cs(173,51): warning CS8605: Unboxing a possibly null value. [C:\Users\sorat\source\repos\MailApplication\MailApplication.csproj]
C:\Users\sorat\source\repos\MailApplication\UserControls\OutboxControl.cs(29,13): warning CS8602: Dereference of a possibly null reference. [C:\Users\sorat\source\repos\MailApplication\MailApplication.csproj]
C:\Users\sorat\source\repos\MailApplication\UserControls\OutboxControl.cs(30,13): warning CS8602: Dereference of a possibly null reference. [C:\Users\sorat\source\repos\MailApplication\MailApplication.csproj]
C:\Users\sorat\source\repos\MailApplication\UserControls\OutboxControl.cs(12,12): warning CS8618: Non-nullable field 'listViewOutbox' must contain a non-null value when exiting constructor. Consider adding the 'required' modifier or declaring the field as nullable. [C:\Users\sorat\source\repos\MailApplication\MailApplication.csproj]
C:\Users\sorat\source\repos\MailApplication\UserControls\OutboxControl.cs(12,12): warning CS8618: Non-nullable field 'btnRefresh' must contain a non-null value when exiting constructor. Consider adding the 'required' modifier or declaring the field as nullable. [C:\Users\sorat\source\repos\MailApplication\MailApplication.csproj]
C:\Users\sorat\source\repos\MailApplication\UserControls\OutboxControl.cs(12,12): warning CS8618: Non-nullable field 'btnOpen' must contain a non-null value when exiting constructor. Consider adding the 'required' modifier or declaring the field as nullable. [C:\Users\sorat\source\repos\MailApplication\MailApplication.csproj]
C:\Users\sorat\source\repos\MailApplication\UserControls\InboxControl.cs(115,36): warning CS8605: Unboxing a possibly null value. [C:\Users\sorat\source\repos\MailApplication\MailApplication.csproj]
C:\Users\sorat\source\repos\MailApplication\UserControls\InboxControl.cs(116,28): warning CS8605: Unboxing a possibly null value. [C:\Users\sorat\source\repos\MailApplication\MailApplication.csproj]
C:\Users\sorat\source\repos\MailApplication\Services\OutlookServiceWrapper.cs(283,47): warning CS8605: Unboxing a possibly null value. [C:\Users\sorat\source\repos\MailApplication\MailApplication.csproj]
C:\Users\sorat\source\repos\MailApplication\Services\OutlookServiceWrapper.cs(334,47): warning CS8605: Unboxing a possibly null value. [C:\Users\sorat\source\repos\MailApplication\MailApplication.csproj]
C:\Users\sorat\source\repos\MailApplication\UserControls\RecipientsControl.cs(23,12): warning CS8618: Non-nullable field 'cmbIndustry' must contain a non-null value when exiting constructor. Consider adding the 'required' modifier or declaring the field as nullable. [C:\Users\sorat\source\repos\MailApplication\MailApplication.csproj]
C:\Users\sorat\source\repos\MailApplication\UserControls\RecipientsControl.cs(23,12): warning CS8618: Non-nullable field 'listViewRecipients' must contain a non-null value when exiting constructor. Consider adding the 'required' modifier or declaring the field as nullable. [C:\Users\sorat\source\repos\MailApplication\MailApplication.csproj]
C:\Users\sorat\source\repos\MailApplication\UserControls\RecipientsControl.cs(23,12): warning CS8618: Non-nullable field 'btnAddRecipient' must contain a non-null value when exiting constructor. Consider adding the 'required' modifier or declaring the field as nullable. [C:\Users\sorat\source\repos\MailApplication\MailApplication.csproj]
C:\Users\sorat\source\repos\MailApplication\UserControls\RecipientsControl.cs(23,12): warning CS8618: Non-nullable field 'btnEditRecipient' must contain a non-null value when exiting constructor. Consider adding the 'required' modifier or declaring the field as nullable. [C:\Users\sorat\source\repos\MailApplication\MailApplication.csproj]
C:\Users\sorat\source\repos\MailApplication\UserControls\RecipientsControl.cs(23,12): warning CS8618: Non-nullable field 'btnDeleteRecipient' must contain a non-null value when exiting constructor. Consider adding the 'required' modifier or declaring the field as nullable. [C:\Users\sorat\source\repos\MailApplication\MailApplication.csproj]
C:\Users\sorat\source\repos\MailApplication\UserControls\RecipientsControl.cs(23,12): warning CS8618: Non-nullable field 'btnImport' must contain a non-null value when exiting constructor. Consider adding the 'required' modifier or declaring the field as nullable. [C:\Users\sorat\source\repos\MailApplication\MailApplication.csproj]
C:\Users\sorat\source\repos\MailApplication\UserControls\RecipientsControl.cs(23,12): warning CS8618: Non-nullable field 'btnRefresh' must contain a non-null value when exiting constructor. Consider adding the 'required' modifier or declaring the field as nullable. [C:\Users\sorat\source\repos\MailApplication\MailApplication.csproj]
C:\Users\sorat\source\repos\MailApplication\UserControls\RecipientsControl.cs(23,12): warning CS8618: Non-nullable field 'txtSearch' must contain a non-null value when exiting constructor. Consider adding the 'required' modifier or declaring the field as nullable. [C:\Users\sorat\source\repos\MailApplication\MailApplication.csproj]
C:\Users\sorat\source\repos\MailApplication\UserControls\SendMailControl.cs(48,12): warning CS8618: Non-nullable field 'cmbIndustry' must contain a non-null value when exiting constructor. Consider adding the 'required' modifier or declaring the field as nullable. [C:\Users\sorat\source\repos\MailApplication\MailApplication.csproj]
C:\Users\sorat\source\repos\MailApplication\UserControls\SendMailControl.cs(48,12): warning CS8618: Non-nullable field 'cmbTemplateSource' must contain a non-null value when exiting constructor. Consider adding the 'required' modifier or declaring the field as nullable. [C:\Users\sorat\source\repos\MailApplication\MailApplication.csproj]
C:\Users\sorat\source\repos\MailApplication\UserControls\SendMailControl.cs(48,12): warning CS8618: Non-nullable field 'cmbDraft' must contain a non-null value when exiting constructor. Consider adding the 'required' modifier or declaring the field as nullable. [C:\Users\sorat\source\repos\MailApplication\MailApplication.csproj]
C:\Users\sorat\source\repos\MailApplication\UserControls\SendMailControl.cs(48,12): warning CS8618: Non-nullable field 'cmbSenderAccount' must contain a non-null value when exiting constructor. Consider adding the 'required' modifier or declaring the field as nullable. [C:\Users\sorat\source\repos\MailApplication\MailApplication.csproj]
C:\Users\sorat\source\repos\MailApplication\UserControls\SendMailControl.cs(48,12): warning CS8618: Non-nullable field 'cmbRotationStrategy' must contain a non-null value when exiting constructor. Consider adding the 'required' modifier or declaring the field as nullable. [C:\Users\sorat\source\repos\MailApplication\MailApplication.csproj]
C:\Users\sorat\source\repos\MailApplication\UserControls\SendMailControl.cs(48,12): warning CS8618: Non-nullable field 'chkAccountList' must contain a non-null value when exiting constructor. Consider adding the 'required' modifier or declaring the field as nullable. [C:\Users\sorat\source\repos\MailApplication\MailApplication.csproj]
C:\Users\sorat\source\repos\MailApplication\UserControls\SendMailControl.cs(48,12): warning CS8618: Non-nullable field 'listViewRecipients' must contain a non-null value when exiting constructor. Consider adding the 'required' modifier or declaring the field as nullable. [C:\Users\sorat\source\repos\MailApplication\MailApplication.csproj]
C:\Users\sorat\source\repos\MailApplication\UserControls\SendMailControl.cs(48,12): warning CS8618: Non-nullable field 'chkSelectAll' must contain a non-null value when exiting constructor. Consider adding the 'required' modifier or declaring the field as nullable. [C:\Users\sorat\source\repos\MailApplication\MailApplication.csproj]
C:\Users\sorat\source\repos\MailApplication\UserControls\SendMailControl.cs(48,12): warning CS8618: Non-nullable field 'txtBatchSize' must contain a non-null value when exiting constructor. Consider adding the 'required' modifier or declaring the field as nullable. [C:\Users\sorat\source\repos\MailApplication\MailApplication.csproj]
C:\Users\sorat\source\repos\MailApplication\UserControls\SendMailControl.cs(48,12): warning CS8618: Non-nullable field 'txtDelay' must contain a non-null value when exiting constructor. Consider adding the 'required' modifier or declaring the field as nullable. [C:\Users\sorat\source\repos\MailApplication\MailApplication.csproj]
C:\Users\sorat\source\repos\MailApplication\UserControls\SendMailControl.cs(48,12): warning CS8618: Non-nullable field 'btnPreviewDraft' must contain a non-null value when exiting constructor. Consider adding the 'required' modifier or declaring the field as nullable. [C:\Users\sorat\source\repos\MailApplication\MailApplication.csproj]
C:\Users\sorat\source\repos\MailApplication\UserControls\SendMailControl.cs(48,12): warning CS8618: Non-nullable field 'btnImportRecipients' must contain a non-null value when exiting constructor. Consider adding the 'required' modifier or declaring the field as nullable. [C:\Users\sorat\source\repos\MailApplication\MailApplication.csproj]
C:\Users\sorat\source\repos\MailApplication\UserControls\SendMailControl.cs(48,12): warning CS8618: Non-nullable field 'btnMarkSent' must contain a non-null value when exiting constructor. Consider adding the 'required' modifier or declaring the field as nullable. [C:\Users\sorat\source\repos\MailApplication\MailApplication.csproj]
C:\Users\sorat\source\repos\MailApplication\UserControls\SendMailControl.cs(48,12): warning CS8618: Non-nullable field 'btnMarkUnsent' must contain a non-null value when exiting constructor. Consider adding the 'required' modifier or declaring the field as nullable. [C:\Users\sorat\source\repos\MailApplication\MailApplication.csproj]
C:\Users\sorat\source\repos\MailApplication\UserControls\SendMailControl.cs(48,12): warning CS8618: Non-nullable field 'btnStartSending' must contain a non-null value when exiting constructor. Consider adding the 'required' modifier or declaring the field as nullable. [C:\Users\sorat\source\repos\MailApplication\MailApplication.csproj]
C:\Users\sorat\source\repos\MailApplication\UserControls\SendMailControl.cs(48,12): warning CS8618: Non-nullable field 'btnStopSending' must contain a non-null value when exiting constructor. Consider adding the 'required' modifier or declaring the field as nullable. [C:\Users\sorat\source\repos\MailApplication\MailApplication.csproj]
C:\Users\sorat\source\repos\MailApplication\UserControls\SendMailControl.cs(48,12): warning CS8618: Non-nullable field 'progressBar' must contain a non-null value when exiting constructor. Consider adding the 'required' modifier or declaring the field as nullable. [C:\Users\sorat\source\repos\MailApplication\MailApplication.csproj]
C:\Users\sorat\source\repos\MailApplication\UserControls\SendMailControl.cs(48,12): warning CS8618: Non-nullable field 'lblProgress' must contain a non-null value when exiting constructor. Consider adding the 'required' modifier or declaring the field as nullable. [C:\Users\sorat\source\repos\MailApplication\MailApplication.csproj]
C:\Users\sorat\source\repos\MailApplication\UserControls\SendMailControl.cs(48,12): warning CS8618: Non-nullable field 'txtLog' must contain a non-null value when exiting constructor. Consider adding the 'required' modifier or declaring the field as nullable. [C:\Users\sorat\source\repos\MailApplication\MailApplication.csproj]
C:\Users\sorat\source\repos\MailApplication\UserControls\SendMailControl.cs(48,12): warning CS8618: Non-nullable field 'lblAccountList' must contain a non-null value when exiting constructor. Consider adding the 'required' modifier or declaring the field as nullable. [C:\Users\sorat\source\repos\MailApplication\MailApplication.csproj]
C:\Users\sorat\source\repos\MailApplication\UserControls\SendMailControl.cs(48,12): warning CS8618: Non-nullable field 'pnlAccountList' must contain a non-null value when exiting constructor. Consider adding the 'required' modifier or declaring the field as nullable. [C:\Users\sorat\source\repos\MailApplication\MailApplication.csproj]
C:\Users\sorat\source\repos\MailApplication\UserControls\OutboxControl.cs(125,30): warning CS8605: Unboxing a possibly null value. [C:\Users\sorat\source\repos\MailApplication\MailApplication.csproj]
C:\Users\sorat\source\repos\MailApplication\UserControls\OutboxControl.cs(126,28): warning CS8605: Unboxing a possibly null value. [C:\Users\sorat\source\repos\MailApplication\MailApplication.csproj]
C:\Users\sorat\source\repos\MailApplication\Forms\DraftEditorForm.cs(391,60): warning CS8604: Possible null reference argument for parameter 'value' in 'void HtmlDocument.ExecCommand(string command, bool showUI, object value)'. [C:\Users\sorat\source\repos\MailApplication\MailApplication.csproj]
C:\Users\sorat\source\repos\MailApplication\Services\OutlookServiceWrapper.cs(427,29): warning CS8605: Unboxing a possibly null value. [C:\Users\sorat\source\repos\MailApplication\MailApplication.csproj]
C:\Users\sorat\source\repos\MailApplication\Services\OutlookAccountService.cs(93,29): warning CS8605: Unboxing a possibly null value. [C:\Users\sorat\source\repos\MailApplication\MailApplication.csproj]
C:\Users\sorat\source\repos\MailApplication\Services\OutlookAccountService.cs(263,25): warning CS8605: Unboxing a possibly null value. [C:\Users\sorat\source\repos\MailApplication\MailApplication.csproj]
C:\Users\sorat\source\repos\MailApplication\Services\OutlookAccountService.cs(335,29): warning CS8605: Unboxing a possibly null value. [C:\Users\sorat\source\repos\MailApplication\MailApplication.csproj]
C:\Users\sorat\source\repos\MailApplication\Services\BulkMailSenderService.cs(167,17): error CS0815: Cannot assign void to an implicitly-typed variable [C:\Users\sorat\source\repos\MailApplication\MailApplication.csproj]
C:\Users\sorat\source\repos\MailApplication\Services\OutlookAccountService.cs(41,39): error CS0117: 'Marshal' does not contain a definition for 'GetActiveObject' [C:\Users\sorat\source\repos\MailApplication\MailApplication.csproj]
    120 Warning(s)
    2 Error(s)

Time Elapsed 00:00:03.68
